// Jest Snapshot v1, https://goo.gl/fbAQLP

exports[`should render the component correctly when has basic props 1`] = `
.c0 {
  border: 2px solid #003FF2;
  border-radius: 0.5rem;
  background-color: #003FF2;
  padding: 0.5rem 1rem;
  color: #FFFFFF;
  font-size: 0.625rem;
  font-weight: 500;
  line-height: 1rem;
  -webkit-text-decoration: none;
  text-decoration: none;
  -webkit-letter-spacing: 0rem;
  -moz-letter-spacing: 0rem;
  -ms-letter-spacing: 0rem;
  letter-spacing: 0rem;
  font-family: 'DM Sans',sans-serif;
  width: 100%;
  text-align: left;
  gap: 0.5rem;
  -webkit-align-items: center;
  -webkit-box-align: center;
  -ms-flex-align: center;
  align-items: center;
  display: -webkit-box;
  display: -webkit-flex;
  display: -ms-flexbox;
  display: flex;
  cursor: pointer;
  height: 44px;
  opacity: 1;
  -webkit-box-pack: justify;
  -webkit-justify-content: space-between;
  -ms-flex-pack: justify;
  justify-content: space-between;
  text-transform: uppercase;
}

.c0 >div {
  margin: none;
}

.c0:hover:enabled {
  background-color: #8DC6FF;
  border: 2px solid #8DC6FF;
  color: #FFFFFF;
  font-size: 0.625rem;
  font-weight: 500;
  line-height: 1rem;
  -webkit-text-decoration: none;
  text-decoration: none;
  -webkit-letter-spacing: 0rem;
  -moz-letter-spacing: 0rem;
  -ms-letter-spacing: 0rem;
  letter-spacing: 0rem;
  font-family: 'DM Sans',sans-serif;
}

.c0:hover:enabled >div {
  background: #FFFFFF;
}

.c0:active:enabled {
  background-color: #1C49D9;
  border: 2px solid #1C49D9;
  color: #FFFFFF;
  font-size: 0.625rem;
  font-weight: 500;
  line-height: 1rem;
  -webkit-text-decoration: none;
  text-decoration: none;
  -webkit-letter-spacing: 0rem;
  -moz-letter-spacing: 0rem;
  -ms-letter-spacing: 0rem;
  letter-spacing: 0rem;
  font-family: 'DM Sans',sans-serif;
}

.c0:active:enabled >div {
  background: #FFFFFF;
}

<button
  class="c0"
  data-testid="Button"
  id=""
  tabindex="0"
  type="button"
>
  Test
</button>
`;
